Cliente pede login
Cliente conectado
receiver_thread:
Command: W
Command: S
moves_to_wait: 4
tempo: 200
tempo * moves_to_wait: 800
Command: T
Command: W
Command: S
moves_to_wait: 4
tempo: 200
tempo * moves_to_wait: 800
Command: T
Command: W
Command: S
moves_to_wait: 4
tempo: 200
tempo * moves_to_wait: 800
Command: T
Command: W
Command: S
moves_to_wait: 4
tempo: 200
tempo * moves_to_wait: 800
Command: T
Command: W
Command: S
moves_to_wait: 4
tempo: 200
tempo * moves_to_wait: 800
Command: T
Command: W
Command: S
moves_to_wait: 4
tempo: 200
tempo * moves_to_wait: 800
Command: T
Command: W
Command: S
moves_to_wait: 4
tempo: 200
tempo * moves_to_wait: 800
Command: T
